[0.006s] Invoking command in '/home/dimitar/Desktop/RINS-beta-robot/build/dis_tutorial3': CMAKE_PREFIX_PATH=${CMAKE_PREFIX_PATH}:/opt/ros/humble /usr/bin/cmake /home/dimitar/Desktop/RINS-beta-robot/src/dis_tutorial3 -DCMAKE_INSTALL_PREFIX=/home/dimitar/Desktop/RINS-beta-robot/install/dis_tutorial3
[0.096s] -- The C compiler identification is GNU 11.4.0
[0.160s] -- The CXX compiler identification is GNU 11.4.0
[0.167s] -- Detecting C compiler ABI info
[0.211s] -- Detecting C compiler ABI info - done
[0.215s] -- Check for working C compiler: /usr/bin/cc - skipped
[0.216s] -- Detecting C compile features
[0.216s] -- Detecting C compile features - done
[0.219s] -- Detecting CXX compiler ABI info
[0.267s] -- Detecting CXX compiler ABI info - done
[0.271s] -- Check for working CXX compiler: /usr/bin/c++ - skipped
[0.271s] -- Detecting CXX compile features
[0.272s] -- Detecting CXX compile features - done
[0.276s] -- Found ament_cmake: 1.3.11 (/opt/ros/humble/share/ament_cmake/cmake)
[0.378s] -- Found Python3: /usr/bin/python3 (found version "3.10.12") found components: Interpreter 
[0.460s] -- Found rclcpp: 16.0.11 (/opt/ros/humble/share/rclcpp/cmake)
[0.502s] -- Found rosidl_generator_c: 3.1.6 (/opt/ros/humble/share/rosidl_generator_c/cmake)
[0.507s] -- Found rosidl_adapter: 3.1.6 (/opt/ros/humble/share/rosidl_adapter/cmake)
[0.516s] -- Found rosidl_generator_cpp: 3.1.6 (/opt/ros/humble/share/rosidl_generator_cpp/cmake)
[0.528s] -- Using all available rosidl_typesupport_c: rosidl_typesupport_fastrtps_c;rosidl_typesupport_introspection_c
[0.543s] -- Using all available rosidl_typesupport_cpp: rosidl_typesupport_fastrtps_cpp;rosidl_typesupport_introspection_cpp
[0.585s] -- Found rmw_implementation_cmake: 6.1.2 (/opt/ros/humble/share/rmw_implementation_cmake/cmake)
[0.589s] -- Found rmw_cyclonedds_cpp: 1.3.4 (/opt/ros/humble/share/rmw_cyclonedds_cpp/cmake)
[0.611s] -- Using RMW implementation 'rmw_cyclonedds_cpp' as default
[0.620s] -- Looking for pthread.h
[0.664s] -- Looking for pthread.h - found
[0.664s] -- Performing Test CMAKE_HAVE_LIBC_PTHREAD
[0.742s] -- Performing Test CMAKE_HAVE_LIBC_PTHREAD - Success
[0.743s] -- Found Threads: TRUE  
[0.800s] -- Found rclpy: 3.3.15 (/opt/ros/humble/share/rclpy/cmake)
[0.802s] -- Found std_srvs: 4.2.4 (/opt/ros/humble/share/std_srvs/cmake)
[0.813s] -- Found nav_msgs: 4.2.4 (/opt/ros/humble/share/nav_msgs/cmake)
[0.842s] -- Found sensor_msgs: 4.2.4 (/opt/ros/humble/share/sensor_msgs/cmake)
[0.856s] -- Found visualization_msgs: 4.2.4 (/opt/ros/humble/share/visualization_msgs/cmake)
[0.874s] -- Found tf2_ros: 0.25.12 (/opt/ros/humble/share/tf2_ros/cmake)
[0.973s] -- Found cv_bridge: 3.2.1 (/opt/ros/humble/share/cv_bridge/cmake)
[1.023s] -- Configuring done
[1.025s] -- Generating done
[1.027s] -- Build files have been written to: /home/dimitar/Desktop/RINS-beta-robot/build/dis_tutorial3
[1.033s] Invoked command in '/home/dimitar/Desktop/RINS-beta-robot/build/dis_tutorial3' returned '0': CMAKE_PREFIX_PATH=${CMAKE_PREFIX_PATH}:/opt/ros/humble /usr/bin/cmake /home/dimitar/Desktop/RINS-beta-robot/src/dis_tutorial3 -DCMAKE_INSTALL_PREFIX=/home/dimitar/Desktop/RINS-beta-robot/install/dis_tutorial3
[1.034s] Invoking command in '/home/dimitar/Desktop/RINS-beta-robot/build/dis_tutorial3': CMAKE_PREFIX_PATH=${CMAKE_PREFIX_PATH}:/opt/ros/humble /usr/bin/cmake --build /home/dimitar/Desktop/RINS-beta-robot/build/dis_tutorial3 -- -j16 -l16
[1.059s] Invoked command in '/home/dimitar/Desktop/RINS-beta-robot/build/dis_tutorial3' returned '0': CMAKE_PREFIX_PATH=${CMAKE_PREFIX_PATH}:/opt/ros/humble /usr/bin/cmake --build /home/dimitar/Desktop/RINS-beta-robot/build/dis_tutorial3 -- -j16 -l16
[1.064s] Invoking command in '/home/dimitar/Desktop/RINS-beta-robot/build/dis_tutorial3': CMAKE_PREFIX_PATH=${CMAKE_PREFIX_PATH}:/opt/ros/humble /usr/bin/cmake --install /home/dimitar/Desktop/RINS-beta-robot/build/dis_tutorial3
[1.070s] -- Install configuration: ""
[1.070s] -- Installing: /home/dimitar/Desktop/RINS-beta-robot/install/dis_tutorial3/share/dis_tutorial3//launch
[1.070s] -- Installing: /home/dimitar/Desktop/RINS-beta-robot/install/dis_tutorial3/share/dis_tutorial3//launch/create3_nodes.launch.py
[1.070s] -- Installing: /home/dimitar/Desktop/RINS-beta-robot/install/dis_tutorial3/share/dis_tutorial3//launch/sim_turtlebot_slam.launch.py
[1.070s] -- Installing: /home/dimitar/Desktop/RINS-beta-robot/install/dis_tutorial3/share/dis_tutorial3//launch/nav2.launch.py
[1.070s] -- Installing: /home/dimitar/Desktop/RINS-beta-robot/install/dis_tutorial3/share/dis_tutorial3//launch/ignition.launch.py
[1.071s] -- Installing: /home/dimitar/Desktop/RINS-beta-robot/install/dis_tutorial3/share/dis_tutorial3//launch/skeletonized_path.launch.py
[1.071s] -- Installing: /home/dimitar/Desktop/RINS-beta-robot/install/dis_tutorial3/share/dis_tutorial3//launch/turtlebot4_spawn.launch.py
[1.071s] -- Installing: /home/dimitar/Desktop/RINS-beta-robot/install/dis_tutorial3/share/dis_tutorial3//launch/sim_turtlebot_nav.launch.py
[1.071s] -- Installing: /home/dimitar/Desktop/RINS-beta-robot/install/dis_tutorial3/share/dis_tutorial3//launch/dis_sim.launch.py
[1.071s] -- Installing: /home/dimitar/Desktop/RINS-beta-robot/install/dis_tutorial3/share/dis_tutorial3//launch/turtlebot4_spawn_nav.launch.py
[1.072s] -- Installing: /home/dimitar/Desktop/RINS-beta-robot/install/dis_tutorial3/share/dis_tutorial3//launch/localization.launch.py
[1.072s] -- Installing: /home/dimitar/Desktop/RINS-beta-robot/install/dis_tutorial3/share/dis_tutorial3//launch/slam.launch.py
[1.072s] -- Installing: /home/dimitar/Desktop/RINS-beta-robot/install/dis_tutorial3/share/dis_tutorial3//config
[1.072s] -- Installing: /home/dimitar/Desktop/RINS-beta-robot/install/dis_tutorial3/share/dis_tutorial3//config/localization.yaml
[1.072s] -- Installing: /home/dimitar/Desktop/RINS-beta-robot/install/dis_tutorial3/share/dis_tutorial3//config/slam.yaml
[1.073s] -- Installing: /home/dimitar/Desktop/RINS-beta-robot/install/dis_tutorial3/share/dis_tutorial3//config/nav2.yaml
[1.073s] -- Installing: /home/dimitar/Desktop/RINS-beta-robot/install/dis_tutorial3/share/dis_tutorial3//config/laser_filter_chain.yaml
[1.073s] -- Installing: /home/dimitar/Desktop/RINS-beta-robot/install/dis_tutorial3/share/dis_tutorial3//worlds
[1.073s] -- Installing: /home/dimitar/Desktop/RINS-beta-robot/install/dis_tutorial3/share/dis_tutorial3//worlds/demo1.sdf
[1.074s] -- Installing: /home/dimitar/Desktop/RINS-beta-robot/install/dis_tutorial3/share/dis_tutorial3//worlds/demo2_meshes
[1.074s] -- Installing: /home/dimitar/Desktop/RINS-beta-robot/install/dis_tutorial3/share/dis_tutorial3//worlds/demo2_meshes/person9.png
[1.075s] -- Installing: /home/dimitar/Desktop/RINS-beta-robot/install/dis_tutorial3/share/dis_tutorial3//worlds/demo2_meshes/person8.png
[1.076s] -- Installing: /home/dimitar/Desktop/RINS-beta-robot/install/dis_tutorial3/share/dis_tutorial3//worlds/demo2_meshes/fakering3.jpg
[1.077s] -- Installing: /home/dimitar/Desktop/RINS-beta-robot/install/dis_tutorial3/share/dis_tutorial3//worlds/demo2_meshes/fakering1.jpg
[1.077s] -- Installing: /home/dimitar/Desktop/RINS-beta-robot/install/dis_tutorial3/share/dis_tutorial3//worlds/demo2_meshes/parking_space.jpg
[1.077s] -- Installing: /home/dimitar/Desktop/RINS-beta-robot/install/dis_tutorial3/share/dis_tutorial3//worlds/demo2_meshes/person20.png
[1.079s] -- Installing: /home/dimitar/Desktop/RINS-beta-robot/install/dis_tutorial3/share/dis_tutorial3//worlds/demo2_meshes/objects.jpg
[1.079s] -- Installing: /home/dimitar/Desktop/RINS-beta-robot/install/dis_tutorial3/share/dis_tutorial3//worlds/demo2_meshes/qr1.jpg
[1.080s] -- Installing: /home/dimitar/Desktop/RINS-beta-robot/install/dis_tutorial3/share/dis_tutorial3//worlds/demo2_meshes/person18.png
[1.081s] -- Installing: /home/dimitar/Desktop/RINS-beta-robot/install/dis_tutorial3/share/dis_tutorial3//worlds/demo2_meshes/map_colliders.dae
[1.082s] -- Installing: /home/dimitar/Desktop/RINS-beta-robot/install/dis_tutorial3/share/dis_tutorial3//worlds/demo2_meshes/person6.png
[1.083s] -- Installing: /home/dimitar/Desktop/RINS-beta-robot/install/dis_tutorial3/share/dis_tutorial3//worlds/demo2_meshes/qr2.jpg
[1.084s] -- Installing: /home/dimitar/Desktop/RINS-beta-robot/install/dis_tutorial3/share/dis_tutorial3//worlds/demo2_meshes/cylinders.jpg
[1.084s] -- Installing: /home/dimitar/Desktop/RINS-beta-robot/install/dis_tutorial3/share/dis_tutorial3//worlds/demo2_meshes/map.dae
[1.086s] -- Installing: /home/dimitar/Desktop/RINS-beta-robot/install/dis_tutorial3/share/dis_tutorial3//worlds/demo2_meshes/fakering2.jpg
[1.086s] -- Installing: /home/dimitar/Desktop/RINS-beta-robot/install/dis_tutorial3/share/dis_tutorial3//worlds/demo2_meshes/person7.png
[1.088s] -- Installing: /home/dimitar/Desktop/RINS-beta-robot/install/dis_tutorial3/share/dis_tutorial3//worlds/demo2_meshes/ground.jpg
[1.088s] -- Installing: /home/dimitar/Desktop/RINS-beta-robot/install/dis_tutorial3/share/dis_tutorial3//worlds/demo3.sdf
[1.088s] -- Installing: /home/dimitar/Desktop/RINS-beta-robot/install/dis_tutorial3/share/dis_tutorial3//worlds/dis.sdf
[1.088s] -- Installing: /home/dimitar/Desktop/RINS-beta-robot/install/dis_tutorial3/share/dis_tutorial3//worlds/demo4.sdf
[1.089s] -- Installing: /home/dimitar/Desktop/RINS-beta-robot/install/dis_tutorial3/share/dis_tutorial3//worlds/demo4_meshes
[1.089s] -- Installing: /home/dimitar/Desktop/RINS-beta-robot/install/dis_tutorial3/share/dis_tutorial3//worlds/demo4_meshes/person5.png.001.png
[1.090s] -- Installing: /home/dimitar/Desktop/RINS-beta-robot/install/dis_tutorial3/share/dis_tutorial3//worlds/demo4_meshes/person4.png.001.png
[1.091s] -- Installing: /home/dimitar/Desktop/RINS-beta-robot/install/dis_tutorial3/share/dis_tutorial3//worlds/demo4_meshes/person3.png.001.png
[1.092s] -- Installing: /home/dimitar/Desktop/RINS-beta-robot/install/dis_tutorial3/share/dis_tutorial3//worlds/demo4_meshes/red.jpg
[1.092s] -- Installing: /home/dimitar/Desktop/RINS-beta-robot/install/dis_tutorial3/share/dis_tutorial3//worlds/demo4_meshes/fakering3.jpg
[1.093s] -- Installing: /home/dimitar/Desktop/RINS-beta-robot/install/dis_tutorial3/share/dis_tutorial3//worlds/demo4_meshes/fakering1.jpg
[1.094s] -- Installing: /home/dimitar/Desktop/RINS-beta-robot/install/dis_tutorial3/share/dis_tutorial3//worlds/demo4_meshes/green.jpg
[1.094s] -- Installing: /home/dimitar/Desktop/RINS-beta-robot/install/dis_tutorial3/share/dis_tutorial3//worlds/demo4_meshes/yellow.jpg
[1.094s] -- Installing: /home/dimitar/Desktop/RINS-beta-robot/install/dis_tutorial3/share/dis_tutorial3//worlds/demo4_meshes/parking_space.jpg
[1.095s] -- Installing: /home/dimitar/Desktop/RINS-beta-robot/install/dis_tutorial3/share/dis_tutorial3//worlds/demo4_meshes/person13.png
[1.096s] -- Installing: /home/dimitar/Desktop/RINS-beta-robot/install/dis_tutorial3/share/dis_tutorial3//worlds/demo4_meshes/black.jpg
[1.097s] -- Installing: /home/dimitar/Desktop/RINS-beta-robot/install/dis_tutorial3/share/dis_tutorial3//worlds/demo4_meshes/objects.jpg
[1.097s] -- Installing: /home/dimitar/Desktop/RINS-beta-robot/install/dis_tutorial3/share/dis_tutorial3//worlds/demo4_meshes/qr1.jpg
[1.098s] -- Installing: /home/dimitar/Desktop/RINS-beta-robot/install/dis_tutorial3/share/dis_tutorial3//worlds/demo4_meshes/map_colliders.dae
[1.099s] -- Installing: /home/dimitar/Desktop/RINS-beta-robot/install/dis_tutorial3/share/dis_tutorial3//worlds/demo4_meshes/person2.png.001.png
[1.100s] -- Installing: /home/dimitar/Desktop/RINS-beta-robot/install/dis_tutorial3/share/dis_tutorial3//worlds/demo4_meshes/person6.png
[1.101s] -- Installing: /home/dimitar/Desktop/RINS-beta-robot/install/dis_tutorial3/share/dis_tutorial3//worlds/demo4_meshes/qr2.jpg
[1.102s] -- Installing: /home/dimitar/Desktop/RINS-beta-robot/install/dis_tutorial3/share/dis_tutorial3//worlds/demo4_meshes/blue.jpg
[1.102s] -- Installing: /home/dimitar/Desktop/RINS-beta-robot/install/dis_tutorial3/share/dis_tutorial3//worlds/demo4_meshes/map.dae
[1.104s] -- Installing: /home/dimitar/Desktop/RINS-beta-robot/install/dis_tutorial3/share/dis_tutorial3//worlds/demo4_meshes/fakering2.jpg
[1.104s] -- Installing: /home/dimitar/Desktop/RINS-beta-robot/install/dis_tutorial3/share/dis_tutorial3//worlds/demo4_meshes/ground.jpg
[1.105s] -- Installing: /home/dimitar/Desktop/RINS-beta-robot/install/dis_tutorial3/share/dis_tutorial3//worlds/demo2.sdf
[1.105s] -- Installing: /home/dimitar/Desktop/RINS-beta-robot/install/dis_tutorial3/share/dis_tutorial3//worlds/task1_meshes
[1.105s] -- Installing: /home/dimitar/Desktop/RINS-beta-robot/install/dis_tutorial3/share/dis_tutorial3//worlds/task1_meshes/person5.png.001.png
[1.106s] -- Installing: /home/dimitar/Desktop/RINS-beta-robot/install/dis_tutorial3/share/dis_tutorial3//worlds/task1_meshes/person8.png
[1.108s] -- Installing: /home/dimitar/Desktop/RINS-beta-robot/install/dis_tutorial3/share/dis_tutorial3//worlds/task1_meshes/person3.png.001.png
[1.109s] -- Installing: /home/dimitar/Desktop/RINS-beta-robot/install/dis_tutorial3/share/dis_tutorial3//worlds/task1_meshes/red.jpg
[1.109s] -- Installing: /home/dimitar/Desktop/RINS-beta-robot/install/dis_tutorial3/share/dis_tutorial3//worlds/task1_meshes/fakering3.jpg
[1.110s] -- Installing: /home/dimitar/Desktop/RINS-beta-robot/install/dis_tutorial3/share/dis_tutorial3//worlds/task1_meshes/fakering1.jpg
[1.110s] -- Installing: /home/dimitar/Desktop/RINS-beta-robot/install/dis_tutorial3/share/dis_tutorial3//worlds/task1_meshes/green.jpg
[1.110s] -- Installing: /home/dimitar/Desktop/RINS-beta-robot/install/dis_tutorial3/share/dis_tutorial3//worlds/task1_meshes/yellow.jpg
[1.110s] -- Installing: /home/dimitar/Desktop/RINS-beta-robot/install/dis_tutorial3/share/dis_tutorial3//worlds/task1_meshes/parking_space.jpg
[1.111s] -- Installing: /home/dimitar/Desktop/RINS-beta-robot/install/dis_tutorial3/share/dis_tutorial3//worlds/task1_meshes/person13.png
[1.112s] -- Installing: /home/dimitar/Desktop/RINS-beta-robot/install/dis_tutorial3/share/dis_tutorial3//worlds/task1_meshes/black.jpg
[1.112s] -- Installing: /home/dimitar/Desktop/RINS-beta-robot/install/dis_tutorial3/share/dis_tutorial3//worlds/task1_meshes/objects.jpg
[1.112s] -- Installing: /home/dimitar/Desktop/RINS-beta-robot/install/dis_tutorial3/share/dis_tutorial3//worlds/task1_meshes/qr1.jpg
[1.113s] -- Installing: /home/dimitar/Desktop/RINS-beta-robot/install/dis_tutorial3/share/dis_tutorial3//worlds/task1_meshes/map_colliders.dae
[1.114s] -- Installing: /home/dimitar/Desktop/RINS-beta-robot/install/dis_tutorial3/share/dis_tutorial3//worlds/task1_meshes/person2.png.001.png
[1.115s] -- Installing: /home/dimitar/Desktop/RINS-beta-robot/install/dis_tutorial3/share/dis_tutorial3//worlds/task1_meshes/person6.png
[1.117s] -- Installing: /home/dimitar/Desktop/RINS-beta-robot/install/dis_tutorial3/share/dis_tutorial3//worlds/task1_meshes/qr2.jpg
[1.117s] -- Installing: /home/dimitar/Desktop/RINS-beta-robot/install/dis_tutorial3/share/dis_tutorial3//worlds/task1_meshes/blue.jpg
[1.118s] -- Installing: /home/dimitar/Desktop/RINS-beta-robot/install/dis_tutorial3/share/dis_tutorial3//worlds/task1_meshes/map.dae
[1.119s] -- Installing: /home/dimitar/Desktop/RINS-beta-robot/install/dis_tutorial3/share/dis_tutorial3//worlds/task1_meshes/fakering2.jpg
[1.120s] -- Installing: /home/dimitar/Desktop/RINS-beta-robot/install/dis_tutorial3/share/dis_tutorial3//worlds/task1_meshes/ground.jpg
[1.120s] -- Installing: /home/dimitar/Desktop/RINS-beta-robot/install/dis_tutorial3/share/dis_tutorial3//worlds/empty.sdf
[1.120s] -- Installing: /home/dimitar/Desktop/RINS-beta-robot/install/dis_tutorial3/share/dis_tutorial3//worlds/2024
[1.120s] -- Installing: /home/dimitar/Desktop/RINS-beta-robot/install/dis_tutorial3/share/dis_tutorial3//worlds/2024/task2_demo2_meshes
[1.120s] -- Installing: /home/dimitar/Desktop/RINS-beta-robot/install/dis_tutorial3/share/dis_tutorial3//worlds/2024/task2_demo2_meshes/fakering3.jpg
[1.121s] -- Installing: /home/dimitar/Desktop/RINS-beta-robot/install/dis_tutorial3/share/dis_tutorial3//worlds/2024/task2_demo2_meshes/fakering1.jpg
[1.121s] -- Installing: /home/dimitar/Desktop/RINS-beta-robot/install/dis_tutorial3/share/dis_tutorial3//worlds/2024/task2_demo2_meshes/parking_space.jpg
[1.121s] -- Installing: /home/dimitar/Desktop/RINS-beta-robot/install/dis_tutorial3/share/dis_tutorial3//worlds/2024/task2_demo2_meshes/objects.jpg
[1.122s] -- Installing: /home/dimitar/Desktop/RINS-beta-robot/install/dis_tutorial3/share/dis_tutorial3//worlds/2024/task2_demo2_meshes/map_colliders.dae
[1.123s] -- Installing: /home/dimitar/Desktop/RINS-beta-robot/install/dis_tutorial3/share/dis_tutorial3//worlds/2024/task2_demo2_meshes/cylinders.jpg
[1.123s] -- Installing: /home/dimitar/Desktop/RINS-beta-robot/install/dis_tutorial3/share/dis_tutorial3//worlds/2024/task2_demo2_meshes/map.dae
[1.125s] -- Installing: /home/dimitar/Desktop/RINS-beta-robot/install/dis_tutorial3/share/dis_tutorial3//worlds/2024/task2_demo2_meshes/fakering2.jpg
[1.125s] -- Installing: /home/dimitar/Desktop/RINS-beta-robot/install/dis_tutorial3/share/dis_tutorial3//worlds/2024/task2_demo2_meshes/ground.jpg
[1.126s] -- Installing: /home/dimitar/Desktop/RINS-beta-robot/install/dis_tutorial3/share/dis_tutorial3//worlds/2024/task2_demo2.sdf
[1.126s] -- Installing: /home/dimitar/Desktop/RINS-beta-robot/install/dis_tutorial3/share/dis_tutorial3//worlds/2024/task3_meshes
[1.126s] -- Installing: /home/dimitar/Desktop/RINS-beta-robot/install/dis_tutorial3/share/dis_tutorial3//worlds/2024/task3_meshes/easy_anomona_4.png
[1.127s] -- Installing: /home/dimitar/Desktop/RINS-beta-robot/install/dis_tutorial3/share/dis_tutorial3//worlds/2024/task3_meshes/easy_anomona_3.png
[1.128s] -- Installing: /home/dimitar/Desktop/RINS-beta-robot/install/dis_tutorial3/share/dis_tutorial3//worlds/2024/task3_meshes/easy_anomona_1.png
[1.129s] -- Installing: /home/dimitar/Desktop/RINS-beta-robot/install/dis_tutorial3/share/dis_tutorial3//worlds/2024/task3_meshes/fakering3.jpg
[1.130s] -- Installing: /home/dimitar/Desktop/RINS-beta-robot/install/dis_tutorial3/share/dis_tutorial3//worlds/2024/task3_meshes/anomona_3.png
[1.131s] -- Installing: /home/dimitar/Desktop/RINS-beta-robot/install/dis_tutorial3/share/dis_tutorial3//worlds/2024/task3_meshes/fakering1.jpg
[1.131s] -- Installing: /home/dimitar/Desktop/RINS-beta-robot/install/dis_tutorial3/share/dis_tutorial3//worlds/2024/task3_meshes/villager3.png
[1.132s] -- Installing: /home/dimitar/Desktop/RINS-beta-robot/install/dis_tutorial3/share/dis_tutorial3//worlds/2024/task3_meshes/villager2.png
[1.133s] -- Installing: /home/dimitar/Desktop/RINS-beta-robot/install/dis_tutorial3/share/dis_tutorial3//worlds/2024/task3_meshes/anomona_0.png
[1.134s] -- Installing: /home/dimitar/Desktop/RINS-beta-robot/install/dis_tutorial3/share/dis_tutorial3//worlds/2024/task3_meshes/parking_space.jpg
[1.134s] -- Installing: /home/dimitar/Desktop/RINS-beta-robot/install/dis_tutorial3/share/dis_tutorial3//worlds/2024/task3_meshes/villager4.png
[1.136s] -- Installing: /home/dimitar/Desktop/RINS-beta-robot/install/dis_tutorial3/share/dis_tutorial3//worlds/2024/task3_meshes/qr_url.png
[1.136s] -- Installing: /home/dimitar/Desktop/RINS-beta-robot/install/dis_tutorial3/share/dis_tutorial3//worlds/2024/task3_meshes/villager5.png
[1.137s] -- Installing: /home/dimitar/Desktop/RINS-beta-robot/install/dis_tutorial3/share/dis_tutorial3//worlds/2024/task3_meshes/objects.jpg
[1.138s] -- Installing: /home/dimitar/Desktop/RINS-beta-robot/install/dis_tutorial3/share/dis_tutorial3//worlds/2024/task3_meshes/easy_anomona_2.png
[1.138s] -- Installing: /home/dimitar/Desktop/RINS-beta-robot/install/dis_tutorial3/share/dis_tutorial3//worlds/2024/task3_meshes/qr_wrong.png
[1.139s] -- Installing: /home/dimitar/Desktop/RINS-beta-robot/install/dis_tutorial3/share/dis_tutorial3//worlds/2024/task3_meshes/villager1.png
[1.140s] -- Installing: /home/dimitar/Desktop/RINS-beta-robot/install/dis_tutorial3/share/dis_tutorial3//worlds/2024/task3_meshes/map_colliders.dae
[1.141s] -- Installing: /home/dimitar/Desktop/RINS-beta-robot/install/dis_tutorial3/share/dis_tutorial3//worlds/2024/task3_meshes/cylinders.jpg
[1.142s] -- Installing: /home/dimitar/Desktop/RINS-beta-robot/install/dis_tutorial3/share/dis_tutorial3//worlds/2024/task3_meshes/easy_anomona_0.png
[1.143s] -- Installing: /home/dimitar/Desktop/RINS-beta-robot/install/dis_tutorial3/share/dis_tutorial3//worlds/2024/task3_meshes/anomona_1.png
[1.144s] -- Installing: /home/dimitar/Desktop/RINS-beta-robot/install/dis_tutorial3/share/dis_tutorial3//worlds/2024/task3_meshes/mona.png
[1.145s] -- Installing: /home/dimitar/Desktop/RINS-beta-robot/install/dis_tutorial3/share/dis_tutorial3//worlds/2024/task3_meshes/map.dae
[1.146s] -- Installing: /home/dimitar/Desktop/RINS-beta-robot/install/dis_tutorial3/share/dis_tutorial3//worlds/2024/task3_meshes/anomona_4.png
[1.147s] -- Installing: /home/dimitar/Desktop/RINS-beta-robot/install/dis_tutorial3/share/dis_tutorial3//worlds/2024/task3_meshes/anomona_2.png
[1.149s] -- Installing: /home/dimitar/Desktop/RINS-beta-robot/install/dis_tutorial3/share/dis_tutorial3//worlds/2024/task3_meshes/fakering2.jpg
[1.149s] -- Installing: /home/dimitar/Desktop/RINS-beta-robot/install/dis_tutorial3/share/dis_tutorial3//worlds/2024/task3_meshes/qr_cheat.png
[1.149s] -- Installing: /home/dimitar/Desktop/RINS-beta-robot/install/dis_tutorial3/share/dis_tutorial3//worlds/2024/task3_meshes/ground.jpg
[1.150s] -- Installing: /home/dimitar/Desktop/RINS-beta-robot/install/dis_tutorial3/share/dis_tutorial3//worlds/2024/task2_demo1.sdf
[1.150s] -- Installing: /home/dimitar/Desktop/RINS-beta-robot/install/dis_tutorial3/share/dis_tutorial3//worlds/2024/task2_demo1_meshes
[1.150s] -- Installing: /home/dimitar/Desktop/RINS-beta-robot/install/dis_tutorial3/share/dis_tutorial3//worlds/2024/task2_demo1_meshes/fakering3.jpg
[1.151s] -- Installing: /home/dimitar/Desktop/RINS-beta-robot/install/dis_tutorial3/share/dis_tutorial3//worlds/2024/task2_demo1_meshes/fakering1.jpg
[1.152s] -- Installing: /home/dimitar/Desktop/RINS-beta-robot/install/dis_tutorial3/share/dis_tutorial3//worlds/2024/task2_demo1_meshes/parking_space.jpg
[1.152s] -- Installing: /home/dimitar/Desktop/RINS-beta-robot/install/dis_tutorial3/share/dis_tutorial3//worlds/2024/task2_demo1_meshes/objects.jpg
[1.152s] -- Installing: /home/dimitar/Desktop/RINS-beta-robot/install/dis_tutorial3/share/dis_tutorial3//worlds/2024/task2_demo1_meshes/map_colliders.dae
[1.153s] -- Installing: /home/dimitar/Desktop/RINS-beta-robot/install/dis_tutorial3/share/dis_tutorial3//worlds/2024/task2_demo1_meshes/cylinders.jpg
[1.154s] -- Installing: /home/dimitar/Desktop/RINS-beta-robot/install/dis_tutorial3/share/dis_tutorial3//worlds/2024/task2_demo1_meshes/map.dae
[1.155s] -- Installing: /home/dimitar/Desktop/RINS-beta-robot/install/dis_tutorial3/share/dis_tutorial3//worlds/2024/task2_demo1_meshes/fakering2.jpg
[1.156s] -- Installing: /home/dimitar/Desktop/RINS-beta-robot/install/dis_tutorial3/share/dis_tutorial3//worlds/2024/task2_demo1_meshes/ground.jpg
[1.157s] -- Installing: /home/dimitar/Desktop/RINS-beta-robot/install/dis_tutorial3/share/dis_tutorial3//worlds/2024/task3.sdf
[1.157s] -- Installing: /home/dimitar/Desktop/RINS-beta-robot/install/dis_tutorial3/share/dis_tutorial3//worlds/demo1_meshes
[1.157s] -- Installing: /home/dimitar/Desktop/RINS-beta-robot/install/dis_tutorial3/share/dis_tutorial3//worlds/demo1_meshes/person4.png
[1.158s] -- Installing: /home/dimitar/Desktop/RINS-beta-robot/install/dis_tutorial3/share/dis_tutorial3//worlds/demo1_meshes/fakering3.jpg
[1.158s] -- Installing: /home/dimitar/Desktop/RINS-beta-robot/install/dis_tutorial3/share/dis_tutorial3//worlds/demo1_meshes/fakering1.jpg
[1.159s] -- Installing: /home/dimitar/Desktop/RINS-beta-robot/install/dis_tutorial3/share/dis_tutorial3//worlds/demo1_meshes/person2.png
[1.161s] -- Installing: /home/dimitar/Desktop/RINS-beta-robot/install/dis_tutorial3/share/dis_tutorial3//worlds/demo1_meshes/person1.png
[1.162s] -- Installing: /home/dimitar/Desktop/RINS-beta-robot/install/dis_tutorial3/share/dis_tutorial3//worlds/demo1_meshes/parking_space.jpg
[1.163s] -- Installing: /home/dimitar/Desktop/RINS-beta-robot/install/dis_tutorial3/share/dis_tutorial3//worlds/demo1_meshes/objects.jpg
[1.163s] -- Installing: /home/dimitar/Desktop/RINS-beta-robot/install/dis_tutorial3/share/dis_tutorial3//worlds/demo1_meshes/person11.png
[1.164s] -- Installing: /home/dimitar/Desktop/RINS-beta-robot/install/dis_tutorial3/share/dis_tutorial3//worlds/demo1_meshes/qr1.jpg
[1.165s] -- Installing: /home/dimitar/Desktop/RINS-beta-robot/install/dis_tutorial3/share/dis_tutorial3//worlds/demo1_meshes/map_colliders.dae
[1.166s] -- Installing: /home/dimitar/Desktop/RINS-beta-robot/install/dis_tutorial3/share/dis_tutorial3//worlds/demo1_meshes/qr2.jpg
[1.166s] -- Installing: /home/dimitar/Desktop/RINS-beta-robot/install/dis_tutorial3/share/dis_tutorial3//worlds/demo1_meshes/cylinders.jpg
[1.167s] -- Installing: /home/dimitar/Desktop/RINS-beta-robot/install/dis_tutorial3/share/dis_tutorial3//worlds/demo1_meshes/map.dae
[1.168s] -- Installing: /home/dimitar/Desktop/RINS-beta-robot/install/dis_tutorial3/share/dis_tutorial3//worlds/demo1_meshes/fakering2.jpg
[1.168s] -- Installing: /home/dimitar/Desktop/RINS-beta-robot/install/dis_tutorial3/share/dis_tutorial3//worlds/demo1_meshes/person3.png
[1.170s] -- Installing: /home/dimitar/Desktop/RINS-beta-robot/install/dis_tutorial3/share/dis_tutorial3//worlds/demo1_meshes/person5.png
[1.171s] -- Installing: /home/dimitar/Desktop/RINS-beta-robot/install/dis_tutorial3/share/dis_tutorial3//worlds/demo1_meshes/ground.jpg
[1.171s] -- Installing: /home/dimitar/Desktop/RINS-beta-robot/install/dis_tutorial3/share/dis_tutorial3//worlds/demo3_meshes
[1.171s] -- Installing: /home/dimitar/Desktop/RINS-beta-robot/install/dis_tutorial3/share/dis_tutorial3//worlds/demo3_meshes/person21.png
[1.173s] -- Installing: /home/dimitar/Desktop/RINS-beta-robot/install/dis_tutorial3/share/dis_tutorial3//worlds/demo3_meshes/red.jpg
[1.173s] -- Installing: /home/dimitar/Desktop/RINS-beta-robot/install/dis_tutorial3/share/dis_tutorial3//worlds/demo3_meshes/fakering3.jpg
[1.174s] -- Installing: /home/dimitar/Desktop/RINS-beta-robot/install/dis_tutorial3/share/dis_tutorial3//worlds/demo3_meshes/fakering1.jpg
[1.175s] -- Installing: /home/dimitar/Desktop/RINS-beta-robot/install/dis_tutorial3/share/dis_tutorial3//worlds/demo3_meshes/green.jpg
[1.175s] -- Installing: /home/dimitar/Desktop/RINS-beta-robot/install/dis_tutorial3/share/dis_tutorial3//worlds/demo3_meshes/yellow.jpg
[1.176s] -- Installing: /home/dimitar/Desktop/RINS-beta-robot/install/dis_tutorial3/share/dis_tutorial3//worlds/demo3_meshes/parking_space.jpg
[1.176s] -- Installing: /home/dimitar/Desktop/RINS-beta-robot/install/dis_tutorial3/share/dis_tutorial3//worlds/demo3_meshes/person24.png
[1.177s] -- Installing: /home/dimitar/Desktop/RINS-beta-robot/install/dis_tutorial3/share/dis_tutorial3//worlds/demo3_meshes/black.jpg
[1.177s] -- Installing: /home/dimitar/Desktop/RINS-beta-robot/install/dis_tutorial3/share/dis_tutorial3//worlds/demo3_meshes/objects.jpg
[1.178s] -- Installing: /home/dimitar/Desktop/RINS-beta-robot/install/dis_tutorial3/share/dis_tutorial3//worlds/demo3_meshes/person17.png
[1.179s] -- Installing: /home/dimitar/Desktop/RINS-beta-robot/install/dis_tutorial3/share/dis_tutorial3//worlds/demo3_meshes/qr1.jpg
[1.179s] -- Installing: /home/dimitar/Desktop/RINS-beta-robot/install/dis_tutorial3/share/dis_tutorial3//worlds/demo3_meshes/map_colliders.dae
[1.180s] -- Installing: /home/dimitar/Desktop/RINS-beta-robot/install/dis_tutorial3/share/dis_tutorial3//worlds/demo3_meshes/qr2.jpg
[1.181s] -- Installing: /home/dimitar/Desktop/RINS-beta-robot/install/dis_tutorial3/share/dis_tutorial3//worlds/demo3_meshes/blue.jpg
[1.182s] -- Installing: /home/dimitar/Desktop/RINS-beta-robot/install/dis_tutorial3/share/dis_tutorial3//worlds/demo3_meshes/map.dae
[1.183s] -- Installing: /home/dimitar/Desktop/RINS-beta-robot/install/dis_tutorial3/share/dis_tutorial3//worlds/demo3_meshes/fakering2.jpg
[1.184s] -- Installing: /home/dimitar/Desktop/RINS-beta-robot/install/dis_tutorial3/share/dis_tutorial3//worlds/demo3_meshes/person22.png
[1.185s] -- Installing: /home/dimitar/Desktop/RINS-beta-robot/install/dis_tutorial3/share/dis_tutorial3//worlds/demo3_meshes/ground.jpg
[1.186s] -- Installing: /home/dimitar/Desktop/RINS-beta-robot/install/dis_tutorial3/share/dis_tutorial3//worlds/demo3_meshes/person15.png
[1.187s] -- Installing: /home/dimitar/Desktop/RINS-beta-robot/install/dis_tutorial3/share/dis_tutorial3//worlds/task1.sdf
[1.188s] -- Installing: /home/dimitar/Desktop/RINS-beta-robot/install/dis_tutorial3/share/dis_tutorial3//worlds/dis_meshes
[1.188s] -- Installing: /home/dimitar/Desktop/RINS-beta-robot/install/dis_tutorial3/share/dis_tutorial3//worlds/dis_meshes/person5.jpg
[1.188s] -- Installing: /home/dimitar/Desktop/RINS-beta-robot/install/dis_tutorial3/share/dis_tutorial3//worlds/dis_meshes/fakering3.jpg
[1.189s] -- Installing: /home/dimitar/Desktop/RINS-beta-robot/install/dis_tutorial3/share/dis_tutorial3//worlds/dis_meshes/fakering1.jpg
[1.189s] -- Installing: /home/dimitar/Desktop/RINS-beta-robot/install/dis_tutorial3/share/dis_tutorial3//worlds/dis_meshes/person4.jpg
[1.189s] -- Installing: /home/dimitar/Desktop/RINS-beta-robot/install/dis_tutorial3/share/dis_tutorial3//worlds/dis_meshes/parking_space.jpg
[1.190s] -- Installing: /home/dimitar/Desktop/RINS-beta-robot/install/dis_tutorial3/share/dis_tutorial3//worlds/dis_meshes/objects.jpg
[1.191s] -- Installing: /home/dimitar/Desktop/RINS-beta-robot/install/dis_tutorial3/share/dis_tutorial3//worlds/dis_meshes/mona1.jpg
[1.192s] -- Installing: /home/dimitar/Desktop/RINS-beta-robot/install/dis_tutorial3/share/dis_tutorial3//worlds/dis_meshes/person2.jpg
[1.193s] -- Installing: /home/dimitar/Desktop/RINS-beta-robot/install/dis_tutorial3/share/dis_tutorial3//worlds/dis_meshes/qr1.jpg
[1.193s] -- Installing: /home/dimitar/Desktop/RINS-beta-robot/install/dis_tutorial3/share/dis_tutorial3//worlds/dis_meshes/davinci.jpg
[1.194s] -- Installing: /home/dimitar/Desktop/RINS-beta-robot/install/dis_tutorial3/share/dis_tutorial3//worlds/dis_meshes/map_colliders.dae
[1.195s] -- Installing: /home/dimitar/Desktop/RINS-beta-robot/install/dis_tutorial3/share/dis_tutorial3//worlds/dis_meshes/qr2.jpg
[1.195s] -- Installing: /home/dimitar/Desktop/RINS-beta-robot/install/dis_tutorial3/share/dis_tutorial3//worlds/dis_meshes/wood.jpg
[1.195s] -- Installing: /home/dimitar/Desktop/RINS-beta-robot/install/dis_tutorial3/share/dis_tutorial3//worlds/dis_meshes/cylinders.jpg
[1.196s] -- Installing: /home/dimitar/Desktop/RINS-beta-robot/install/dis_tutorial3/share/dis_tutorial3//worlds/dis_meshes/person1.jpg
[1.197s] -- Installing: /home/dimitar/Desktop/RINS-beta-robot/install/dis_tutorial3/share/dis_tutorial3//worlds/dis_meshes/person3.jpg
[1.197s] -- Installing: /home/dimitar/Desktop/RINS-beta-robot/install/dis_tutorial3/share/dis_tutorial3//worlds/dis_meshes/map.dae
[1.199s] -- Installing: /home/dimitar/Desktop/RINS-beta-robot/install/dis_tutorial3/share/dis_tutorial3//worlds/dis_meshes/fakering2.jpg
[1.199s] -- Installing: /home/dimitar/Desktop/RINS-beta-robot/install/dis_tutorial3/share/dis_tutorial3//worlds/dis_meshes/ground.jpg
[1.200s] -- Installing: /home/dimitar/Desktop/RINS-beta-robot/install/dis_tutorial3/share/dis_tutorial3//maps
[1.200s] -- Installing: /home/dimitar/Desktop/RINS-beta-robot/install/dis_tutorial3/share/dis_tutorial3//maps/map.yaml
[1.200s] -- Installing: /home/dimitar/Desktop/RINS-beta-robot/install/dis_tutorial3/share/dis_tutorial3//maps/map_path_points.pgm
[1.201s] -- Installing: /home/dimitar/Desktop/RINS-beta-robot/install/dis_tutorial3/share/dis_tutorial3//maps/map1.yaml
[1.201s] -- Installing: /home/dimitar/Desktop/RINS-beta-robot/install/dis_tutorial3/share/dis_tutorial3//maps/map1.pgm
[1.201s] -- Installing: /home/dimitar/Desktop/RINS-beta-robot/install/dis_tutorial3/share/dis_tutorial3//maps/map_skeleton_proba.pgm
[1.202s] -- Installing: /home/dimitar/Desktop/RINS-beta-robot/install/dis_tutorial3/share/dis_tutorial3//maps/map.pgm
[1.202s] -- Installing: /home/dimitar/Desktop/RINS-beta-robot/install/dis_tutorial3/share/dis_tutorial3//maps/map_cleaned.pgm
[1.202s] -- Installing: /home/dimitar/Desktop/RINS-beta-robot/install/dis_tutorial3/share/dis_tutorial3//maps/mapOld.pgm
[1.202s] -- Installing: /home/dimitar/Desktop/RINS-beta-robot/install/dis_tutorial3/share/dis_tutorial3/scripts
[1.202s] -- Installing: /home/dimitar/Desktop/RINS-beta-robot/install/dis_tutorial3/share/dis_tutorial3/scripts/robot_pos.txt
[1.203s] -- Installing: /home/dimitar/Desktop/RINS-beta-robot/install/dis_tutorial3/share/dis_tutorial3/scripts/faces_pos.txt
[1.203s] -- Installing: /home/dimitar/Desktop/RINS-beta-robot/install/dis_tutorial3/lib/dis_tutorial3/detect_people.py
[1.203s] -- Installing: /home/dimitar/Desktop/RINS-beta-robot/install/dis_tutorial3/lib/dis_tutorial3/robot_commander.py
[1.204s] -- Installing: /home/dimitar/Desktop/RINS-beta-robot/install/dis_tutorial3/lib/dis_tutorial3/detect_rings.py
[1.204s] -- Installing: /home/dimitar/Desktop/RINS-beta-robot/install/dis_tutorial3/lib/dis_tutorial3/detect_people1.py
[1.205s] -- Installing: /home/dimitar/Desktop/RINS-beta-robot/install/dis_tutorial3/lib/dis_tutorial3/speak.py
[1.205s] -- Installing: /home/dimitar/Desktop/RINS-beta-robot/install/dis_tutorial3/lib/dis_tutorial3/rings_mask.py
[1.205s] -- Installing: /home/dimitar/Desktop/RINS-beta-robot/install/dis_tutorial3/lib/dis_tutorial3/skeletonized_path.py
[1.205s] -- Installing: /home/dimitar/Desktop/RINS-beta-robot/install/dis_tutorial3/share/ament_index/resource_index/package_run_dependencies/dis_tutorial3
[1.206s] -- Installing: /home/dimitar/Desktop/RINS-beta-robot/install/dis_tutorial3/share/ament_index/resource_index/parent_prefix_path/dis_tutorial3
[1.206s] -- Installing: /home/dimitar/Desktop/RINS-beta-robot/install/dis_tutorial3/share/dis_tutorial3/environment/ament_prefix_path.sh
[1.206s] -- Installing: /home/dimitar/Desktop/RINS-beta-robot/install/dis_tutorial3/share/dis_tutorial3/environment/ament_prefix_path.dsv
[1.206s] -- Installing: /home/dimitar/Desktop/RINS-beta-robot/install/dis_tutorial3/share/dis_tutorial3/environment/path.sh
[1.206s] -- Installing: /home/dimitar/Desktop/RINS-beta-robot/install/dis_tutorial3/share/dis_tutorial3/environment/path.dsv
[1.206s] -- Installing: /home/dimitar/Desktop/RINS-beta-robot/install/dis_tutorial3/share/dis_tutorial3/local_setup.bash
[1.206s] -- Installing: /home/dimitar/Desktop/RINS-beta-robot/install/dis_tutorial3/share/dis_tutorial3/local_setup.sh
[1.206s] -- Installing: /home/dimitar/Desktop/RINS-beta-robot/install/dis_tutorial3/share/dis_tutorial3/local_setup.zsh
[1.206s] -- Installing: /home/dimitar/Desktop/RINS-beta-robot/install/dis_tutorial3/share/dis_tutorial3/local_setup.dsv
[1.206s] -- Installing: /home/dimitar/Desktop/RINS-beta-robot/install/dis_tutorial3/share/dis_tutorial3/package.dsv
[1.206s] -- Installing: /home/dimitar/Desktop/RINS-beta-robot/install/dis_tutorial3/share/ament_index/resource_index/packages/dis_tutorial3
[1.206s] -- Installing: /home/dimitar/Desktop/RINS-beta-robot/install/dis_tutorial3/share/dis_tutorial3/cmake/dis_tutorial3Config.cmake
[1.206s] -- Installing: /home/dimitar/Desktop/RINS-beta-robot/install/dis_tutorial3/share/dis_tutorial3/cmake/dis_tutorial3Config-version.cmake
[1.206s] -- Installing: /home/dimitar/Desktop/RINS-beta-robot/install/dis_tutorial3/share/dis_tutorial3/package.xml
[1.208s] Invoked command in '/home/dimitar/Desktop/RINS-beta-robot/build/dis_tutorial3' returned '0': CMAKE_PREFIX_PATH=${CMAKE_PREFIX_PATH}:/opt/ros/humble /usr/bin/cmake --install /home/dimitar/Desktop/RINS-beta-robot/build/dis_tutorial3
